// Jest Snapshot v1, https://goo.gl/fbAQLP

exports[`should render Expense list correctly, with empty array 1`] = `
<div>
  <p>
    No expenses, please add one!
  </p>
</div>
`;

exports[`should render Expense list correctly, with expenses 1`] = `
<div>
  <Expense
    amount={195}
    createdAt={0}
    description="Gun"
    id={1}
    key="0"
    note=""
  />
  <Expense
    amount={196}
    createdAt={-345600000}
    description="Rent"
    id={2}
    key="1"
    note=""
  />
  <Expense
    amount={190}
    createdAt={345600000}
    description="Credit"
    id={3}
    key="2"
    note=""
  />
</div>
`;
